{
  "version": "1.5.0",
  "plugins_used": [
    {
      "name": "ArtifactoryDetector"
    },
    {
      "name": "AWSKeyDetector"
    },
    {
      "name": "AzureStorageKeyDetector"
    },
    {
      "name": "Base64HighEntropyString",
      "limit": 4.5
    },
    {
      "name": "BasicAuthDetector"
    },
    {
      "name": "CloudantDetector"
    },
    {
      "name": "DiscordBotTokenDetector"
    },
    {
      "name": "GitHubTokenDetector"
    },
    {
      "name": "GitLabTokenDetector"
    },
    {
      "name": "HexHighEntropyString",
      "limit": 3.0
    },
    {
      "name": "IbmCloudIamDetector"
    },
    {
      "name": "IbmCosHmacDetector"
    },
    {
      "name": "IPPublicDetector"
    },
    {
      "name": "JwtTokenDetector"
    },
    {
      "name": "KeywordDetector",
      "keyword_exclude": ""
    },
    {
      "name": "MailchimpDetector"
    },
    {
      "name": "NpmDetector"
    },
    {
      "name": "OpenAIDetector"
    },
    {
      "name": "PrivateKeyDetector"
    },
    {
      "name": "PypiTokenDetector"
    },
    {
      "name": "SendGridDetector"
    },
    {
      "name": "SlackDetector"
    },
    {
      "name": "SoftlayerDetector"
    },
    {
      "name": "SquareOAuthDetector"
    },
    {
      "name": "StripeDetector"
    },
    {
      "name": "TelegramBotTokenDetector"
    },
    {
      "name": "TwilioKeyDetector"
    }
  ],
  "filters_used": [
    {
      "path": "detect_secrets.filters.allowlist.is_line_allowlisted"
    },
    {
      "path": "detect_secrets.filters.common.is_ignored_due_to_verification_policies",
      "min_level": 2
    },
    {
      "path": "detect_secrets.filters.heuristic.is_indirect_reference"
    },
    {
      "path": "detect_secrets.filters.heuristic.is_likely_id_string"
    },
    {
      "path": "detect_secrets.filters.heuristic.is_lock_file"
    },
    {
      "path": "detect_secrets.filters.heuristic.is_not_alphanumeric_string"
    },
    {
      "path": "detect_secrets.filters.heuristic.is_potential_uuid"
    },
    {
      "path": "detect_secrets.filters.heuristic.is_prefixed_with_dollar_sign"
    },
    {
      "path": "detect_secrets.filters.heuristic.is_sequential_string"
    },
    {
      "path": "detect_secrets.filters.heuristic.is_swagger_file"
    },
    {
      "path": "detect_secrets.filters.heuristic.is_templated_secret"
    }
  ],
  "results": {
    ".gitlab-ci.yml": [
      {
        "type": "Secret Keyword",
        "filename": ".gitlab-ci.yml",
        "hashed_secret": "58106e026393e6fedebefcdb423192d32cd7210a",
        "is_verified": false,
        "line_number": 26
      }
    ],
    "README.md": [
      {
        "type": "Secret Keyword",
        "filename": "README.md",
        "hashed_secret": "58106e026393e6fedebefcdb423192d32cd7210a",
        "is_verified": false,
        "line_number": 19
      }
    ],
    "src/gdc_ng_models/alembic/versions/12dbbcac7a1d_change_columns_to_biginteger.py": [
      {
        "type": "Hex High Entropy String",
        "filename": "src/gdc_ng_models/alembic/versions/12dbbcac7a1d_change_columns_to_biginteger.py",
        "hashed_secret": "e9a4b5d5cbc26e98f00981d15146f2a23871666b",
        "is_verified": false,
        "line_number": 14
      }
    ],
    "src/gdc_ng_models/alembic/versions/e9d53a640d5d_add_start_end_datetimes_notifications.py": [
      {
        "type": "Hex High Entropy String",
        "filename": "src/gdc_ng_models/alembic/versions/e9d53a640d5d_add_start_end_datetimes_notifications.py",
        "hashed_secret": "e9a4b5d5cbc26e98f00981d15146f2a23871666b",
        "is_verified": false,
        "line_number": 13
      }
    ],
    "tests/integration/docker/docker-compose.yml": [
      {
        "type": "Secret Keyword",
        "filename": "tests/integration/docker/docker-compose.yml",
        "hashed_secret": "a94a8fe5ccb19ba61c4c0873d391e987982fbbd3",
        "is_verified": false,
        "line_number": 11
      }
    ],
    "tests/integration/test_cli.py": [
      {
        "type": "Secret Keyword",
        "filename": "tests/integration/test_cli.py",
        "hashed_secret": "5baa61e4c9b93f3f0682250b6cf8331b7ee68fd8",
        "is_verified": false,
        "line_number": 27
      }
    ]
  },
  "generated_at": "2026-06-24T14:34:28Z"
}
